// Vitest Snapshot v1, https://vitest.dev/guide/snapshot.html

exports[`Button component > renders button component 1`] = `
<div>
  <button
    value="Hello"
  >
    Hello
  </button>
</div>
`;
